[dubistmirwichtig.de/index.html]
[backblue.gif]
[fade.gif]
[index.html]
[dubistmirwichtig.de/wp-content/themes/twentyseventeen-child/img/facebookshare.png]
[bbdo-testserver.de/OneLifeOnly/wp-content/themes/twentyseventeen-child/favicon.png]
[stackpath.bootstrapcdn.com/bootstrap/4.1.3/css/bootstrap.mina352.css]
[bbdo-testserver.de/OneLifeOnly/wp-content/themes/twentyseventeen-child/js/jquery-3.3.1.min3d36.js]
[bbdo-testserver.de/OneLifeOnly/wp-content/themes/twentyseventeen-child/js/bootstrap.mina352.js]
[bbdo-testserver.de/OneLifeOnly/wp-content/themes/twentyseventeen-child/js/particles.min001e.js]
[bbdo-testserver.de/OneLifeOnly/wp-content/themes/twentyseventeen-child/js/jquery-collision.min8a54.js]
[bbdo-testserver.de/OneLifeOnly/wp-content/themes/twentyseventeen-child/js/jquery.iframetracker.min001e.js]
[bbdo-testserver.de/OneLifeOnly/wp-content/themes/twentyseventeen-child/js/howler.min3c94.js]
[cdnjs.cloudflare.com/ajax/libs/ScrollMagic/2.0.5/ScrollMagic.minc1b4.js]
[bbdo-testserver.de/OneLifeOnly/wp-content/themes/twentyseventeen-child/js/animation.gsap8a54.js]
[bbdo-testserver.de/OneLifeOnly/wp-content/themes/twentyseventeen-child/js/scriptfc37.js]
[cdnjs.cloudflare.com/ajax/libs/gsap/latest/TweenMax.mind476.js]
[bbdo-testserver.de/OneLifeOnly/wp-content/themes/twentyseventeen-child/img/boy_sprites_880.png]
[dubistmirwichtig.de/impressum/index.html]
[bbdo-testserver.de/OneLifeOnly/wp-content/themes/twentyseventeen-child/img/phone.png]
[bbdo-testserver.de/OneLifeOnly/wp-content/themes/twentyseventeen-child/img/balloon_sprite.png]
[bbdo-testserver.de/OneLifeOnly/wp-content/themes/twentyseventeen-child/img/monster_sprite2.png]
[bbdo-testserver.de/OneLifeOnly/wp-content/themes/twentyseventeen-child/img/google-play-badge.png]
[dubistmirwichtig.de/index.html]
[bbdo-testserver.de/OneLifeOnly/wp-content/themes/twentyseventeen/styled87f.css]
[bbdo-testserver.de/OneLifeOnly/wp-content/themes/twentyseventeen-child/img/3.png]
[bbdo-testserver.de/OneLifeOnly/wp-content/themes/twentyseventeen-child/ribbons/awwwards_honorable_black_left.png]
[bbdo-testserver.de/OneLifeOnly/wp-content/themes/twentyseventeen-child/ribbons/awwwards_honorable_black_right.png]
[bbdo-testserver.de/OneLifeOnly/wp-content/themes/twentyseventeen-child/ribbons/awwwards_honorable_silver_left.png]
[bbdo-testserver.de/OneLifeOnly/wp-content/themes/twentyseventeen-child/ribbons/awwwards_honorable_silver_right.png]
[bbdo-testserver.de/OneLifeOnly/wp-content/themes/twentyseventeen-child/ribbons/awwwards_honorable_white_left.png]
[bbdo-testserver.de/OneLifeOnly/wp-content/themes/twentyseventeen-child/ribbons/awwwards_honorable_white_right.png]
[bbdo-testserver.de/OneLifeOnly/wp-content/themes/twentyseventeen-child/ribbons/awwwards_honorable_green_left.png]
[bbdo-testserver.de/OneLifeOnly/wp-content/themes/twentyseventeen-child/ribbons/awwwards_honorable_green_right.png]
[bbdo-testserver.de/OneLifeOnly/wp-content/themes/twentyseventeen-child/ribbons/awwwards_honorable_black_left@2x.png]
[bbdo-testserver.de/OneLifeOnly/wp-content/themes/twentyseventeen-child/ribbons/awwwards_honorable_black_right@2x.png]
[bbdo-testserver.de/OneLifeOnly/wp-content/themes/twentyseventeen-child/ribbons/awwwards_honorable_silver_left@2x.png]
[bbdo-testserver.de/OneLifeOnly/wp-content/themes/twentyseventeen-child/ribbons/awwwards_honorable_silver_right@2x.png]
[bbdo-testserver.de/OneLifeOnly/wp-content/themes/twentyseventeen-child/ribbons/awwwards_honorable_white_left@2x.png]
[bbdo-testserver.de/OneLifeOnly/wp-content/themes/twentyseventeen-child/ribbons/awwwards_honorable_white_right@2x.png]
[bbdo-testserver.de/OneLifeOnly/wp-content/themes/twentyseventeen-child/ribbons/awwwards_honorable_green_left@2x.png]
[bbdo-testserver.de/OneLifeOnly/wp-content/themes/twentyseventeen-child/ribbons/awwwards_honorable_green_right@2x.png]
[bbdo-testserver.de/OneLifeOnly/wp-content/themes/twentyseventeen-child/stylefc37.css]
[stackpath.bootstrapcdn.com/bootstrap/4.1.3/css/bootstrap.mina352.css]
[bbdo-testserver.de/OneLifeOnly/wp-content/themes/twentyseventeen-child/js/scriptad12.js]
[bbdo-testserver.de/OneLifeOnly/wp-content/themes/twentyseventeen/assets/js/skip-link-focus-fix5152.js]
[bbdo-testserver.de/OneLifeOnly/wp-content/themes/twentyseventeen/assets/js/global5152.js]
[bbdo-testserver.de/OneLifeOnly/wp-content/themes/twentyseventeen/assets/js/jquery.scrollTo431f.js]
[bbdo-testserver.de/OneLifeOnly/wp-includes/js/wp-embed.mind87f.js]
[dubistmirwichtig.de/impressum/index.html]
[bbdo-testserver.de/OneLifeOnly/wp-content/themes/twentyseventeen-child/stylead12.css]
